// Jest Snapshot v1, https://goo.gl/fbAQLP

exports[`export.js 1`] = `
export * as ns from 'mod';
export v from 'mod';
export a, * as b from 'mod';
export c, { foo } from 'mod';
export * as d, { bar } from 'mod';
~~~~~~~~~~~~~~~~~~~~~~~~~~~~~~~~~~~~~~~~~~~~~~~~~~~~~~~~~~~~~~~~~~~~~~~~~~~~~~~~
export * as ns from "mod";
export v from "mod";
export a, * as b from "mod";
export c, { foo } from "mod";
export * as d, { bar } from "mod";

`;
