// Jest Snapshot v1, https://goo.gl/fbAQLP

exports[`bar.js 1`] = `
module.exports = 0;
~~~~~~~~~~~~~~~~~~~~~~~~~~~~~~~~~~~~~~~~~~~~~~~~~~~~~~~~~~~~~~~~~~~~~~~~~~~~~~~~
module.exports = 0;

`;
