// Jest Snapshot v1, https://goo.gl/fbAQLP

exports[`optional_catch_binding.js 1`] = `
try {

}
catch {

}
finally {

}
~~~~~~~~~~~~~~~~~~~~~~~~~~~~~~~~~~~~~~~~~~~~~~~~~~~~~~~~~~~~~~~~~~~~~~~~~~~~~~~~
try {
} catch {
} finally {
}

`;
