// Jest Snapshot v1, https://goo.gl/fbAQLP

exports[`A3.js 1`] = `
// @flow

require('B');
~~~~~~~~~~~~~~~~~~~~~~~~~~~~~~~~~~~~~~~~~~~~~~~~~~~~~~~~~~~~~~~~~~~~~~~~~~~~~~~~
// @flow

require("B");

`;
