// Jest Snapshot v1, https://goo.gl/fbAQLP

exports[`a.js 1`] = `
// @flow
var a: string = 0;
module.exports = a;
~~~~~~~~~~~~~~~~~~~~~~~~~~~~~~~~~~~~~~~~~~~~~~~~~~~~~~~~~~~~~~~~~~~~~~~~~~~~~~~~
// @flow
var a: string = 0;
module.exports = a;

`;

exports[`b.js 1`] = `
// @flow
var a = require('./a');
var b: number = a;
module.exports = b;
~~~~~~~~~~~~~~~~~~~~~~~~~~~~~~~~~~~~~~~~~~~~~~~~~~~~~~~~~~~~~~~~~~~~~~~~~~~~~~~~
// @flow
var a = require("./a");
var b: number = a;
module.exports = b;

`;

exports[`c.js 1`] = `
// @flow
var b = require('./b');
var c: string = b;
module.exports = c;
~~~~~~~~~~~~~~~~~~~~~~~~~~~~~~~~~~~~~~~~~~~~~~~~~~~~~~~~~~~~~~~~~~~~~~~~~~~~~~~~
// @flow
var b = require("./b");
var c: string = b;
module.exports = c;

`;
