// Jest Snapshot v1, https://goo.gl/fbAQLP

exports[`attr-selector.css 1`] = `
[  data-sizes~="m:0" ]    {
  color:pink;
}

[ class*="test" ]{
  color: silver}
~~~~~~~~~~~~~~~~~~~~~~~~~~~~~~~~~~~~~~~~~~~~~~~~~~~~~~~~~~~~~~~~~~~~~~~~~~~~~~~~
[data-sizes~="m:0"] {
  color: pink;
}

[class*="test"] {
  color: silver;
}

`;
