// Jest Snapshot v1, https://goo.gl/fbAQLP

exports[`A.js 1`] = `
type T = any;

export default class {
  p: T;

  constructor() {
    this.p = 0;
  }
}
~~~~~~~~~~~~~~~~~~~~~~~~~~~~~~~~~~~~~~~~~~~~~~~~~~~~~~~~~~~~~~~~~~~~~~~~~~~~~~~~
type T = any;

export default class {
  p: T;

  constructor() {
    this.p = 0;
  }
}

`;

exports[`B.js 1`] = `
import A from "./A"

class B extends A {
  p: string; // OK, string ~> any
}
~~~~~~~~~~~~~~~~~~~~~~~~~~~~~~~~~~~~~~~~~~~~~~~~~~~~~~~~~~~~~~~~~~~~~~~~~~~~~~~~
import A from "./A";

class B extends A {
  p: string; // OK, string ~> any
}

`;
