// Jest Snapshot v1, https://goo.gl/fbAQLP

exports[`b.js 1`] = `
// @flow
var a = require('./a');
var b: number = a;
module.exports = b;
~~~~~~~~~~~~~~~~~~~~~~~~~~~~~~~~~~~~~~~~~~~~~~~~~~~~~~~~~~~~~~~~~~~~~~~~~~~~~~~~
// @flow
var a = require("./a");
var b: number = a;
module.exports = b;

`;
