// Jest Snapshot v1, https://goo.gl/fbAQLP

exports[`b1.js 1`] = `
// @flow

import { C, E } from "./b0";
function foo() { return C; }
function bar() { return E; }
let X = bar();
class F extends X { }
class D extends F { }
module.exports = { C, D };
~~~~~~~~~~~~~~~~~~~~~~~~~~~~~~~~~~~~~~~~~~~~~~~~~~~~~~~~~~~~~~~~~~~~~~~~~~~~~~~~
// @flow

import { C, E } from "./b0";
function foo() {
  return C;
}
function bar() {
  return E;
}
let X = bar();
class F extends X {}
class D extends F {}
module.exports = { C, D };

`;
