// Jest Snapshot v1, https://goo.gl/fbAQLP

exports[`lib.js 1`] = `
declare var x: string;
~~~~~~~~~~~~~~~~~~~~~~~~~~~~~~~~~~~~~~~~~~~~~~~~~~~~~~~~~~~~~~~~~~~~~~~~~~~~~~~~
declare var x: string;

`;
