// Jest Snapshot v1, https://goo.gl/fbAQLP

exports[`no_parse_error.js 1`] = `
/*
@flow
*/

var x = 'Test';
var y = 5 / x;

var z: {
    type: number,
    y: string
} = {type: 1, y: 'hey'};
~~~~~~~~~~~~~~~~~~~~~~~~~~~~~~~~~~~~~~~~~~~~~~~~~~~~~~~~~~~~~~~~~~~~~~~~~~~~~~~~
/*
@flow
*/

var x = "Test";
var y = 5 / x;

var z: {
  type: number,
  y: string
} = { type: 1, y: "hey" };

`;
