// Jest Snapshot v1, https://goo.gl/fbAQLP

exports[`empty.js 1`] = `
const a = someVeryVeryVeryVeryVeryVeryVeryVeryVeryVeryVeryVeLong.Expression || [];
const a = someVeryVeryVeryVeryVeryVeryVeryVeryVeryVeryVeryVeLong.Expression || {};
~~~~~~~~~~~~~~~~~~~~~~~~~~~~~~~~~~~~~~~~~~~~~~~~~~~~~~~~~~~~~~~~~~~~~~~~~~~~~~~~
const a =
  someVeryVeryVeryVeryVeryVeryVeryVeryVeryVeryVeryVeLong.Expression || [];
const a =
  someVeryVeryVeryVeryVeryVeryVeryVeryVeryVeryVeryVeLong.Expression || {};

`;

exports[`last.js 1`] = `
[,];
[,,];
[,,1,];
[,,1,1];
~~~~~~~~~~~~~~~~~~~~~~~~~~~~~~~~~~~~~~~~~~~~~~~~~~~~~~~~~~~~~~~~~~~~~~~~~~~~~~~~
[,];
[, ,];
[, , 1];
[, , 1, 1];

`;

exports[`preserve_empty_lines.js 1`] = `
a = [

  1,
  2,

  3,


  4,


]
~~~~~~~~~~~~~~~~~~~~~~~~~~~~~~~~~~~~~~~~~~~~~~~~~~~~~~~~~~~~~~~~~~~~~~~~~~~~~~~~
a = [1, 2, 3, 4];

`;
