// Jest Snapshot v1, https://goo.gl/fbAQLP

exports[`extend.css 1`] = `
.foobar {
  &:extend(.foo);
}

.thing {
  &:hover {
    background-color: blue;
    .thing-child {
    }
  }
}
~~~~~~~~~~~~~~~~~~~~~~~~~~~~~~~~~~~~~~~~~~~~~~~~~~~~~~~~~~~~~~~~~~~~~~~~~~~~~~~~
.foobar {
  &:extend(.foo);
}

.thing {
  &:hover {
    background-color: blue;
    .thing-child {
    }
  }
}

`;
