// Jest Snapshot v1, https://goo.gl/fbAQLP

exports[`test.js 1`] = `
// @flow

(01: number);
~~~~~~~~~~~~~~~~~~~~~~~~~~~~~~~~~~~~~~~~~~~~~~~~~~~~~~~~~~~~~~~~~~~~~~~~~~~~~~~~
// @flow

(01: number);

`;
