// Jest Snapshot v1, https://goo.gl/fbAQLP

exports[`empty.css 1`] = `
@font-face {
  src: url();
}
~~~~~~~~~~~~~~~~~~~~~~~~~~~~~~~~~~~~~~~~~~~~~~~~~~~~~~~~~~~~~~~~~~~~~~~~~~~~~~~~
@font-face {
  src: url();
}

`;

exports[`inline_url.css 1`] = `
.breadItem {
  background-image: url('/images/product/simple_product_manager/breadcrumb/chevron_right.png');
  background-image: url(/images/product/simple_product_manager/breadcrumb/chevron_right.png);
  -fb-sprite: url(fbglyph:cross-outline, fig-white);
  background-image: url(data:image/png;base64,iVBORw0KGgoAAAANSUhEUgAAAAEAAAABCAQAAAC1HAwCAAAAC0lEQVR42mO4/B8AAqgB0yr7dJgAAAAASUVORK5CYII=);
  background-image: url("data:image/png;base64,iVBORw0KGgoAAAANSUhEUgAAAAEAAAABCAQAAAC1HAwCAAAAC0lEQVR42mO4/B8AAqgB0yr7dJgAAAAASUVORK5CYII=");
  background-image: url(data:application/font-woff;charset=utf-8;base64,ThisIsNormalBut/+0ThisIsLowerCased);
  background: url(data:image/png;base64,iVBORw0KGgoAAAANSUhEUgAAAAEAAAABCAQAAAC1HAwCAAAAC0lEQVR42mO4/B8AAqgB0yr7dJgAAAAASUVORK5CYII=) center center no-repeat;
}
~~~~~~~~~~~~~~~~~~~~~~~~~~~~~~~~~~~~~~~~~~~~~~~~~~~~~~~~~~~~~~~~~~~~~~~~~~~~~~~~
.breadItem {
  background-image: url("/images/product/simple_product_manager/breadcrumb/chevron_right.png");
  background-image: url(/images/product/simple_product_manager/breadcrumb/chevron_right.png);
  -fb-sprite: url(fbglyph:cross-outline, fig-white);
  background-image: url(data:image/png;base64,iVBORw0KGgoAAAANSUhEUgAAAAEAAAABCAQAAAC1HAwCAAAAC0lEQVR42mO4/B8AAqgB0yr7dJgAAAAASUVORK5CYII=);
  background-image: url("data:image/png;base64,iVBORw0KGgoAAAANSUhEUgAAAAEAAAABCAQAAAC1HAwCAAAAC0lEQVR42mO4/B8AAqgB0yr7dJgAAAAASUVORK5CYII=");
  background-image: url(data:application/font-woff;charset=utf-8;base64,ThisIsNormalBut/+0ThisIsLowerCased);
  background: url(data:image/png;base64,iVBORw0KGgoAAAANSUhEUgAAAAEAAAABCAQAAAC1HAwCAAAAC0lEQVR42mO4/B8AAqgB0yr7dJgAAAAASUVORK5CYII=)
    center center no-repeat;
}

`;
