// Jest Snapshot v1, https://goo.gl/fbAQLP

exports[`return-outside-function.js 1`] = `
return someVeryLongStringA && someVeryLongStringB && someVeryLongStringC && someVeryLongStringD
~~~~~~~~~~~~~~~~~~~~~~~~~~~~~~~~~~~~~~~~~~~~~~~~~~~~~~~~~~~~~~~~~~~~~~~~~~~~~~~~
return (
  someVeryLongStringA &&
  someVeryLongStringB &&
  someVeryLongStringC &&
  someVeryLongStringD
);

`;
