// Jest Snapshot v1, https://goo.gl/fbAQLP

exports[`client.js 1`] = `
var ws = require('../');
~~~~~~~~~~~~~~~~~~~~~~~~~~~~~~~~~~~~~~~~~~~~~~~~~~~~~~~~~~~~~~~~~~~~~~~~~~~~~~~~
var ws = require("../");

`;
