// Jest Snapshot v1, https://goo.gl/fbAQLP

exports[`type.js 1`] = `
export type * from "module";
~~~~~~~~~~~~~~~~~~~~~~~~~~~~~~~~~~~~~~~~~~~~~~~~~~~~~~~~~~~~~~~~~~~~~~~~~~~~~~~~
export type * from "module";

`;
