// Jest Snapshot v1, https://goo.gl/fbAQLP

exports[`a.js 1`] = `
// @flow
var a = 0;
module.exports = a;
~~~~~~~~~~~~~~~~~~~~~~~~~~~~~~~~~~~~~~~~~~~~~~~~~~~~~~~~~~~~~~~~~~~~~~~~~~~~~~~~
// @flow
var a = 0;
module.exports = a;

`;
