// Jest Snapshot v1, https://goo.gl/fbAQLP

exports[`type.js 1`] = `
declare var a: number;
var b: typeof a = "...";
var c: typeof a = "...";

type T = number;
var x:T = "...";

// what about recursive unions?
~~~~~~~~~~~~~~~~~~~~~~~~~~~~~~~~~~~~~~~~~~~~~~~~~~~~~~~~~~~~~~~~~~~~~~~~~~~~~~~~
declare var a: number;
var b: typeof a = "...";
var c: typeof a = "...";

type T = number;
var x: T = "...";

// what about recursive unions?

`;
