// Jest Snapshot v1, https://goo.gl/fbAQLP

exports[`issue2296.graphql 1`] = `
{NPC{life}}
~~~~~~~~~~~~~~~~~~~~~~~~~~~~~~~~~~~~~~~~~~~~~~~~~~~~~~~~~~~~~~~~~~~~~~~~~~~~~~~~
{
  NPC {
    life
  }
}

`;
