// Jest Snapshot v1, https://goo.gl/fbAQLP

exports[`h1.js 1`] = `
// @flow

export type Bar = number;
~~~~~~~~~~~~~~~~~~~~~~~~~~~~~~~~~~~~~~~~~~~~~~~~~~~~~~~~~~~~~~~~~~~~~~~~~~~~~~~~
// @flow

export type Bar = number;

`;
