// Jest Snapshot v1, https://goo.gl/fbAQLP

exports[`destructuring.js 1`] = `
const [one, two = null, three = null] = arr;
a = ([s=1,]) => 1
const { children, ...props } = this.props

const { user: { firstName, lastName } } = this.props;

const {
  name: { first, last },
  organisation: { address: { street: orgStreetAddress, postcode: orgPostcode } }
} = user;

function f({ data: { name } }) {}

const UserComponent = function({
  name: { first, last },
  organisation: { address: { street: orgStreetAddress, postcode: orgPostcode } },
}) {
  return
};

const { a, b, c, d: { e } } = someObject;
~~~~~~~~~~~~~~~~~~~~~~~~~~~~~~~~~~~~~~~~~~~~~~~~~~~~~~~~~~~~~~~~~~~~~~~~~~~~~~~~
const [one, two = null, three = null] = arr;
a = ([s = 1]) => 1;
const { children, ...props } = this.props;

const {
  user: { firstName, lastName }
} = this.props;

const {
  name: { first, last },
  organisation: {
    address: { street: orgStreetAddress, postcode: orgPostcode }
  }
} = user;

function f({ data: { name } }) {}

const UserComponent = function({
  name: { first, last },
  organisation: {
    address: { street: orgStreetAddress, postcode: orgPostcode }
  }
}) {
  return;
};

const {
  a,
  b,
  c,
  d: { e }
} = someObject;

`;
